
> Configure project :composeCommon
New 'wasm' target is Work-in-Progress and is subject to change without notice.

> Configure project :core
New 'wasm' target is Work-in-Progress and is subject to change without notice.

> Configure project :utility
New 'wasm' target is Work-in-Progress and is subject to change without notice.

> Configure project :wasm
New 'wasm' target is Work-in-Progress and is subject to change without notice.

FAILURE: Build failed with an exception.

* What went wrong:
Task 'test' not found in root project 'umaishow' and its subprojects. Some candidates are: 'jsTest'.

* Try:
> Run gradlew tasks to get a list of available tasks.
> For more on name expansion, please refer to https://docs.gradle.org/8.5/userguide/command_line_interface.html#sec:name_abbreviation in the Gradle documentation.
> Run with --stacktrace option to get the stack trace.
> Run with --info or --debug option to get more log output.
> Run with --scan to get full insights.
> Get more help at https://help.gradle.org.

Deprecated Gradle features were used in this build, making it incompatible with Gradle 9.0.

You can use '--warning-mode all' to show the individual deprecation warnings and determine if they come from your own scripts or plugins.

For more on this, please refer to https://docs.gradle.org/8.5/userguide/command_line_interface.html#sec:command_line_warnings in the Gradle documentation.

BUILD FAILED in 945ms
